// Jest Snapshot v1, https://goo.gl/fbAQLP

exports[`<Main /> Deve renderizar o componente <Main /> 1`] = `
<h1>
  React
</h1>
`;
