// Jest Snapshot v1, https://goo.gl/fbAQLP

exports[`<NavList /> Deve renderizar o componente <NavList /> 1`] = `
.c0 {
  width: 100%;
  height: 100%;
  max-width: 1240px;
  list-style: none;
  display: -webkit-box;
  display: -webkit-flex;
  display: -ms-flexbox;
  display: flex;
  -webkit-box-pack: justify;
  -webkit-justify-content: space-between;
  -ms-flex-pack: justify;
  justify-content: space-between;
  padding: 0 50px;
}

.c1 {
  display: block;
  width: 60px;
  height: 100%;
  display: -webkit-box;
  display: -webkit-flex;
  display: -ms-flexbox;
  display: flex;
  -webkit-align-items: center;
  -webkit-box-align: center;
  -ms-flex-align: center;
  align-items: center;
}

.c2 {
  width: 50px;
}

.c3 {
  color: white;
  font-size: 1.8rem;
  -webkit-text-decoration: none;
  text-decoration: none;
  -webkit-transition: all 0.5s ease-out;
  transition: all 0.5s ease-out;
}

.c3:hover {
  color: #adadad;
}

<ul
  class="c0"
>
  <li
    class="c1"
  >
    <img
      alt="Imagem escrito nextJS"
      class="c2"
      src="assets/img/icon-react.png"
    />
  </li>
  <li
    class="c1"
  >
    <a
      class="c3"
      href="https://github.com/rafaabatistas/boilerplate-nextjs"
      rel="noreferrer noopener"
      target="_blank"
    >
      GitHub
    </a>
  </li>
</ul>
`;
